{
  "turns": [
    {"role": "user", "text": "Show my decks"}
  ]
}